asldkjasldkj
